---
source: crates/pipeline/src/render.rs
assertion_line: 322
expression: out
---
=== нечего делать ===
Нечего делать: среди изменённых файлов PR нет ни одного под фильтр скилла (`**/*.md`, `**/*.mdx`).

<sub>скилл `proofread` · job `1a2b3c4d`</sub>

=== нет изменений ===
Скилл отработал, но изменений в файлах нет.

Всё уже переведено.


<sub>скилл `proofread` · job `1a2b3c4d`</sub>

=== ошибка ===
Команда `/llm proofread` не выполнена: модель вернула невалидный JSON дважды

<sub>скилл `proofread` · job `1a2b3c4d`</sub>

=== слишком много ===
Команда `/llm proofread` не выполнена: diff PR — 812 КБ при лимите 400 КБ
Сузь изменения в PR или фильтр файлов в скилле.

<sub>скилл `proofread` · job `1a2b3c4d`</sub>

=== форк ===
Команда `/llm proofread` не выполнена: PR открыт из форка `contributor/blojik`, а у бота нет прав на запись в него. Скиллы в режиме patch работают только для ветвей основного репозитория.

<sub>скилл `proofread` · job `1a2b3c4d`</sub>
