---
source: crates/pipeline/src/render.rs
expression: "review_summary(&result, &ctx(\"/llm proofread\", \"proofread\"), 2)"
---
**`/llm proofread`** — files checked: 2, findings: 4.

The post has plenty of punctuation problems and inconsistent
spelling of acronym-based terms.

**Outside the changed lines (1)** — these cannot be anchored to a line, so they are listed here:

- `posts/dns.md:420` _terminology_ — «MacOS» → «macOS»

**About files outside the skill's scope (1)**:

- `astro.config.ts:10` _other_ — This file is outside the skill's scope

5 more findings are not shown: the comment limit kicked in.


<sub>skill `proofread` · job `1a2b3c4d`</sub>
