---
source: crates/pipeline/src/render.rs
assertion_line: 275
expression: "pr_body(&ctx(\"/llm translate en\", \"translate\"), 42,\nSome(\"Перевёл две статьи, термины и код-блоки оставил как есть.\"),\n&files)"
---
Сгенерировано командой `/llm translate en` в #42.

Перевёл две статьи, термины и код-блоки оставил как есть.

**Изменённые файлы (2)**:

- `content/posts/dns/index.en.md`
- `content/posts/act/index.en.md`


<sub>скилл `translate` · job `1a2b3c4d`</sub>
