---
source: crates/pipeline/src/render.rs
expression: "help_comment(\"unknown skill \\\"proofraed\\\"\",\n\"Available commands:\\n\\n- `/llm proofread` (review) — proofreading\\n- `/llm translate <lang>` (patch) — translation\\n\\nFormat: `/llm <skill> [arguments]`.\\n\")"
---
I could not parse that command: unknown skill "proofraed"

Available commands:

- `/llm proofread` (review) — proofreading
- `/llm translate <lang>` (patch) — translation

Format: `/llm <skill> [arguments]`.
