---
source: crates/pipeline/src/prompt.rs
assertion_line: 200
expression: ctx.render()
---
/skill:translate

Контекст: pull request #7 в репозитории acme/blog.
Рабочая копия смонтирована в /work. Все пути ниже — относительно /work.

Файлы, с которыми нужно работать:
- posts/hello.mdx

Аргументы команды:
- lang = en

Параметры скилла:
- naming = {stem}.{lang}{ext}

## Что сделать

Правь файлы прямо в /work. Когда закончишь:

- запиши в /out/summary.md короткое резюме изменений на русском
  (что и зачем поменял, чего намеренно не трогал);
- не выполняй git-команд: коммит, ветку и pull request делает оркестратор;
- не трогай файлы вне /work, кроме /out/summary.md;
- если менять нечего, ничего не меняй и напиши это в /out/summary.md.
