---
source: crates/pipeline/src/render.rs
expression: out
---
=== nothing to do ===
Nothing to do: none of the files changed in this PR match the skill filter (`**/*.md`, `**/*.mdx`).

<sub>skill `proofread` · job `1a2b3c4d`</sub>

=== no changes ===
The skill ran, but no files were changed.

Everything is already translated.


<sub>skill `proofread` · job `1a2b3c4d`</sub>

=== error ===
The command `/llm proofread` did not run: the model returned invalid JSON twice

<sub>skill `proofread` · job `1a2b3c4d`</sub>

=== too large ===
The command `/llm proofread` did not run: the PR diff is 812 KB against a 400 KB limit
Narrow the PR down or tighten the skill's file filter.

<sub>skill `proofread` · job `1a2b3c4d`</sub>

=== fork ===
The command `/llm proofread` did not run: this PR comes from the fork `contributor/blojik`, and the bot has no write access there. Patch-mode skills only work on branches of the main repository.

<sub>skill `proofread` · job `1a2b3c4d`</sub>
