---
source: crates/github/src/publisher.rs
expression: request
---
{
  "commit_id": "abc1234def5678",
  "body": "Found two problems.",
  "event": "COMMENT",
  "comments": [
    {
      "path": "posts/dns.md",
      "line": 18,
      "side": "RIGHT",
      "body": "**typo**: Repetition: \"a nice nice domain\"\n\n```suggestion\na nice domain name\n```"
    },
    {
      "path": "posts/dns.md",
      "line": 18,
      "side": "RIGHT",
      "body": "**typo**: Repetition: \"a nice nice domain\""
    }
  ]
}
